Sample Log Content
